<html>
<body>
<pre>
<h1>µVision Build Log</h1>
<h2>Tool Versions:</h2>
IDE-Version: £gVision V5.36.0.0
Copyright (C) 2021 ARM Ltd and ARM Germany GmbH. All rights reserved.
License Information: Kin Sang Sze, PolyU HK, LIC=----
 
Tool Versions:
Toolchain:       MDK-Lite  Version: 5.36.0.0
Toolchain Path:  C:\Keil_v5\ARM\ARMCLANG\Bin
C Compiler:      ArmClang.exe V6.16
Assembler:       Armasm.exe V6.16
Linker/Locator:  ArmLink.exe V6.16
Library Manager: ArmAr.exe V6.16
Hex Converter:   FromElf.exe V6.16
CPU DLL:         SARMCM3.DLL V5.36.0.0
Dialog DLL:      DCM.DLL V1.17.3.0
Target DLL:      UL2CM3.DLL V1.164.0.0
Dialog DLL:      TCM.DLL V1.53.0.0
 
<h2>Project:</h2>
C:\Users\user\Downloads\Demo4B\Demo4B.uvprojx
Project File Date:  09/08/2022

<h2>Output:</h2>
*** Using Compiler 'V6.16', folder: 'C:\Keil_v5\ARM\ARMCLANG\Bin'
Rebuild target 'Target 1'
compiling stm32f10x_rcc.c...
C:/Users/user/AppData/Local/Arm/Packs/Keil/STM32F1xx_DFP/2.3.0/Device/StdPeriph_Driver/src/stm32f10x_usart.c(23): warning: In file included from...
C:/Users/user/AppData/Local/Arm/Packs/Keil/STM32F1xx_DFP/2.3.0/Device/StdPeriph_Driver/inc\stm32f10x_usart.h(50): warning: padding size of 'USART_InitTypeDef' with 2 bytes to alignment boundary [-Wpadded]
typedef struct
        ^
C:/Users/user/AppData/Local/Arm/Packs/Keil/STM32F1xx_DFP/2.3.0/Device/StdPeriph_Driver/src/stm32f10x_usart.c(1043): warning: implicit conversion loses integer precision: 'int' to 'uint16_t' (aka 'unsigned short') [-Wimplicit-int-conversion]
  itmask = ((uint16_t)0x01 << (uint16_t)bitpos);
         ~  ~~~~~~~~~~~~~~~^~~~~~~~~~~~~~~~~~~
2 warnings generated.
compiling stm32f10x_usart.c...
init.c(1): warning: In file included from...
./pinmap.h(1): warning: In file included from...
C:/Users/user/AppData/Local/Arm/Packs/Keil/STM32F1xx_DFP/2.3.0/Device/Include\stm32f10x.h(8302): warning: In file included from...
./RTE/Device/STM32F103C8\stm32f10x_conf.h(87): warning: In file included from...
C:/Users/user/AppData/Local/Arm/Packs/Keil/STM32F1xx_DFP/2.3.0/Device/StdPeriph_Driver/inc\stm32f10x_tim.h(51): warning: padding size of 'TIM_TimeBaseInitTypeDef' with 1 byte to alignment boundary [-Wpadded]
typedef struct
        ^
init.c(1): warning: In file included from...
./pinmap.h(1): warning: In file included from...
C:/Users/user/AppData/Local/Arm/Packs/Keil/STM32F1xx_DFP/2.3.0/Device/Include\stm32f10x.h(8302): warning: In file included from...
./RTE/Device/STM32F103C8\stm32f10x_conf.h(90): warning: In file included from...
C:/Users/user/AppData/Local/Arm/Packs/Keil/STM32F1xx_DFP/2.3.0/Device/StdPeriph_Driver/inc\stm32f10x_usart.h(50): warning: padding size of 'USART_InitTypeDef' with 2 bytes to alignment boundary [-Wpadded]
typedef struct
        ^
2 warnings generated.
compiling init.c...
C:/Users/user/AppData/Local/Arm/Packs/Keil/STM32F1xx_DFP/2.3.0/Device/StdPeriph_Driver/src/misc.c(132): warning: implicit conversion loses integer precision: 'uint32_t' (aka 'unsigned int') to 'uint8_t' (aka 'unsigned char') [-Wimplicit-int-conversion]
    NVIC->IP[NVIC_InitStruct->NVIC_IRQChannel] = tmppriority;
                                               ~ ^~~~~~~~~~~
1 warning generated.
compiling misc.c...
C:/Users/user/AppData/Local/Arm/Packs/Keil/STM32F1xx_DFP/2.3.0/Device/StdPeriph_Driver/src/stm32f10x_spi.c(23): warning: In file included from...
C:/Users/user/AppData/Local/Arm/Packs/Keil/STM32F1xx_DFP/2.3.0/Device/StdPeriph_Driver/inc\stm32f10x_spi.h(87): warning: padding size of 'I2S_InitTypeDef' with 2 bytes to alignment boundary [-Wpadded]
typedef struct
        ^
C:/Users/user/AppData/Local/Arm/Packs/Keil/STM32F1xx_DFP/2.3.0/Device/StdPeriph_Driver/src/stm32f10x_spi.c(494): warning: implicit conversion loses integer precision: 'int' to 'uint16_t' (aka 'unsigned short') [-Wimplicit-int-conversion]
  itmask = (uint16_t)1 << (uint16_t)itpos;
         ~ ~~~~~~~~~~~~^~~~~~~~~~~~~~~~~~
C:/Users/user/AppData/Local/Arm/Packs/Keil/STM32F1xx_DFP/2.3.0/Device/StdPeriph_Driver/src/stm32f10x_spi.c(839): warning: implicit conversion loses integer precision: 'int' to 'uint16_t' (aka 'unsigned short') [-Wimplicit-int-conversion]
  itpos = 0x01 << (SPI_I2S_IT & 0x0F);
        ~ ~~~~~^~~~~~~~~~~~~~~~~~~~~~
C:/Users/user/AppData/Local/Arm/Packs/Keil/STM32F1xx_DFP/2.3.0/Device/StdPeriph_Driver/src/stm32f10x_spi.c(845): warning: implicit conversion loses integer precision: 'int' to 'uint16_t' (aka 'unsigned short') [-Wimplicit-int-conversion]
  itmask = 0x01 << itmask;
         ~ ~~~~~^~~~~~~~~
C:/Users/user/AppData/Local/Arm/Packs/Keil/STM32F1xx_DFP/2.3.0/Device/StdPeriph_Driver/src/stm32f10x_spi.c(891): warning: implicit conversion loses integer precision: 'int' to 'uint16_t' (aka 'unsigned short') [-Wimplicit-int-conversion]
  itpos = 0x01 << (SPI_I2S_IT & 0x0F);
        ~ ~~~~~^~~~~~~~~~~~~~~~~~~~~~
5 warnings generated.
compiling stm32f10x_spi.c...
compiling control.c...
assembling startup_stm32f10x_md.s...
compiling stm32f10x_gpio.c...
main_BK.c(3): warning: no previous extern declaration for non-static variable 'buffer' [-Wmissing-variable-declarations]
char buffer[50] = {'\0'};
     ^
main_BK.c(3): note: declare 'static' if the variable is not intended to be used outside of this translation unit
char buffer[50] = {'\0'};
^
main_BK.c(5): warning: no previous extern declaration for non-static variable 'isModePWM' [-Wmissing-variable-declarations]
__IO bool isModePWM = true;
          ^
main_BK.c(5): note: declare 'static' if the variable is not intended to be used outside of this translation unit
__IO bool isModePWM = true;
     ^
C:\Keil_v5\ARM\ARMCLANG\Bin\..\include\stdbool.h(15): note: expanded from macro 'bool'
    #define bool _Bool
                 ^
main_BK.c(6): warning: no previous extern declaration for non-static variable 'pulseHigh' [-Wmissing-variable-declarations]
__IO bool pulseHigh = false;
          ^
main_BK.c(6): note: declare 'static' if the variable is not intended to be used outside of this translation unit
__IO bool pulseHigh = false;
     ^
C:\Keil_v5\ARM\ARMCLANG\Bin\..\include\stdbool.h(15): note: expanded from macro 'bool'
    #define bool _Bool
                 ^
main_BK.c(7): warning: no previous extern declaration for non-static variable 'generate_pulse' [-Wmissing-variable-declarations]
__IO bool generate_pulse = true;
          ^
main_BK.c(7): note: declare 'static' if the variable is not intended to be used outside of this translation unit
__IO bool generate_pulse = true;
     ^
C:\Keil_v5\ARM\ARMCLANG\Bin\..\include\stdbool.h(15): note: expanded from macro 'bool'
    #define bool _Bool
                 ^
main_BK.c(8): warning: no previous extern declaration for non-static variable 'pulseWidth' [-Wmissing-variable-declarations]
__IO u32 pulseWidth = 0;
         ^
main_BK.c(8): note: declare 'static' if the variable is not intended to be used outside of this translation unit
__IO u32 pulseWidth = 0;
     ^
main_BK.c(9): warning: no previous extern declaration for non-static variable 'captureValue' [-Wmissing-variable-declarations]
__IO u32 captureValue = 0;
         ^
main_BK.c(9): note: declare 'static' if the variable is not intended to be used outside of this translation unit
__IO u32 captureValue = 0;
     ^
main_BK.c(10): warning: no previous extern declaration for non-static variable 'distance' [-Wmissing-variable-declarations]
__IO u32 distance = 0;
         ^
main_BK.c(10): note: declare 'static' if the variable is not intended to be used outside of this translation unit
__IO u32 distance = 0;
     ^
main_BK.c(12): warning: no previous extern declaration for non-static variable 'isPathSensorReady' [-Wmissing-variable-declarations]
bool isPathSensorReady = false;
     ^
main_BK.c(12): note: declare 'static' if the variable is not intended to be used outside of this translation unit
bool isPathSensorReady = false;
^
C:\Keil_v5\ARM\ARMCLANG\Bin\..\include\stdbool.h(15): note: expanded from macro 'bool'
    #define bool _Bool
                 ^
main_BK.c(13): warning: no previous extern declaration for non-static variable 'countPathSensor' [-Wmissing-variable-declarations]
short countPathSensor = 0;
      ^
main_BK.c(13): note: declare 'static' if the variable is not intended to be used outside of this translation unit
short countPathSensor = 0;
^
main_BK.c(14): warning: no previous extern declaration for non-static variable 'cart' [-Wmissing-variable-declarations]
char cart = 0;
     ^
main_BK.c(14): note: declare 'static' if the variable is not intended to be used outside of this translation unit
char cart = 0;
^
main_BK.c(16): warning: no previous extern declaration for non-static variable 'buttonPress' [-Wmissing-variable-declarations]
__IO bool buttonPress = false;
          ^
main_BK.c(16): note: declare 'static' if the variable is not intended to be used outside of this translation unit
__IO bool buttonPress = false;
     ^
C:\Keil_v5\ARM\ARMCLANG\Bin\..\include\stdbool.h(15): note: expanded from macro 'bool'
    #define bool _Bool
                 ^
main_BK.c(17): warning: no previous extern declaration for non-static variable 'left' [-Wmissing-variable-declarations]
unsigned short left = 1;
               ^
main_BK.c(17): note: declare 'static' if the variable is not intended to be used outside of this translation unit
unsigned short left = 1;
^
main_BK.c(18): warning: no previous extern declaration for non-static variable 'right' [-Wmissing-variable-declarations]
unsigned short right = 1;
               ^
main_BK.c(18): note: declare 'static' if the variable is not intended to be used outside of this translation unit
unsigned short right = 1;
^
main_BK.c(19): warning: no previous extern declaration for non-static variable 'mode' [-Wmissing-variable-declarations]
unsigned short mode = 0;
               ^
main_BK.c(19): note: declare 'static' if the variable is not intended to be used outside of this translation unit
unsigned short mode = 0;
^
main_BK.c(20): warning: no previous extern declaration for non-static variable 'CrossCounter' [-Wmissing-variable-declarations]
unsigned short CrossCounter = 0;
               ^
main_BK.c(20): note: declare 'static' if the variable is not intended to be used outside of this translation unit
unsigned short CrossCounter = 0;
^
main_BK.c(21): warning: no previous extern declaration for non-static variable 'AntiCounter' [-Wmissing-variable-declarations]
unsigned short AntiCounter = 0;
               ^
main_BK.c(21): note: declare 'static' if the variable is not intended to be used outside of this translation unit
unsigned short AntiCounter = 0;
^
main_BK.c(22): warning: no previous extern declaration for non-static variable 'DelayCounterAcross' [-Wmissing-variable-declarations]
unsigned short DelayCounterAcross = 0;
               ^
main_BK.c(22): note: declare 'static' if the variable is not intended to be used outside of this translation unit
unsigned short DelayCounterAcross = 0;
^
main_BK.c(23): warning: no previous extern declaration for non-static variable 'DelayCounterWait' [-Wmissing-variable-declarations]
unsigned short DelayCounterWait = 0;
               ^
main_BK.c(23): note: declare 'static' if the variable is not intended to be used outside of this translation unit
unsigned short DelayCounterWait = 0;
^
main_BK.c(24): warning: no previous extern declaration for non-static variable 'CrossCounterReady' [-Wmissing-variable-declarations]
bool CrossCounterReady = true;
     ^
main_BK.c(24): note: declare 'static' if the variable is not intended to be used outside of this translation unit
bool CrossCounterReady = true;
^
C:\Keil_v5\ARM\ARMCLANG\Bin\..\include\stdbool.h(15): note: expanded from macro 'bool'
    #define bool _Bool
                 ^
main_BK.c(25): warning: no previous extern declaration for non-static variable 'AntiCounterReady' [-Wmissing-variable-declarations]
bool AntiCounterReady = true;
     ^
main_BK.c(25): note: declare 'static' if the variable is not intended to be used outside of this translation unit
bool AntiCounterReady = true;
^
C:\Keil_v5\ARM\ARMCLANG\Bin\..\include\stdbool.h(15): note: expanded from macro 'bool'
    #define bool _Bool
                 ^
main_BK.c(26): warning: no previous extern declaration for non-static variable 'AntiClockwise' [-Wmissing-variable-declarations]
bool AntiClockwise = true;
     ^
main_BK.c(26): note: declare 'static' if the variable is not intended to be used outside of this translation unit
bool AntiClockwise = true;
^
C:\Keil_v5\ARM\ARMCLANG\Bin\..\include\stdbool.h(15): note: expanded from macro 'bool'
    #define bool _Bool
                 ^
main_BK.c(27): warning: no previous extern declaration for non-static variable 'turnLeft' [-Wmissing-variable-declarations]
bool turnLeft = true;
     ^
main_BK.c(27): note: declare 'static' if the variable is not intended to be used outside of this translation unit
bool turnLeft = true;
^
C:\Keil_v5\ARM\ARMCLANG\Bin\..\include\stdbool.h(15): note: expanded from macro 'bool'
    #define bool _Bool
                 ^
main_BK.c(28): warning: no previous extern declaration for non-static variable 'GoAcross' [-Wmissing-variable-declarations]
bool GoAcross = true;
     ^
main_BK.c(28): note: declare 'static' if the variable is not intended to be used outside of this translation unit
bool GoAcross = true;
^
C:\Keil_v5\ARM\ARMCLANG\Bin\..\include\stdbool.h(15): note: expanded from macro 'bool'
    #define bool _Bool
                 ^
main_BK.c(30): warning: no previous prototype for function 'CheckPosition' [-Wmissing-prototypes]
void CheckPosition(void)
     ^
main_BK.c(30): note: declare 'static' if the function is not intended to be used outside of this translation unit
void CheckPosition(void)
^
static 
main_BK.c(90): warning: no previous prototype for function 'Crossing' [-Wmissing-prototypes]
void Crossing(void)
     ^
main_BK.c(90): note: declare 'static' if the function is not intended to be used outside of this translation unit
void Crossing(void)
^
static 
main_BK.c(129): warning: no previous prototype for function 'TIM2_IRQHandler' [-Wmissing-prototypes]
void TIM2_IRQHandler(void)
     ^
main_BK.c(129): note: declare 'static' if the function is not intended to be used outside of this translation unit
void TIM2_IRQHandler(void)
^
static 
main_BK.c(152): warning: no previous prototype for function 'SPI1_IRQHandler' [-Wmissing-prototypes]
void SPI1_IRQHandler(void)
     ^
main_BK.c(152): note: declare 'static' if the function is not intended to be used outside of this translation unit
void SPI1_IRQHandler(void)
^
static 
main_BK.c(182): warning: no previous prototype for function 'TIM1_UP_IRQHandler' [-Wmissing-prototypes]
void TIM1_UP_IRQHandler(void)
     ^
main_BK.c(182): note: declare 'static' if the function is not intended to be used outside of this translation unit
void TIM1_UP_IRQHandler(void)
^
static 
main_BK.c(225): warning: no newline at end of file [-Wnewline-eof]
}
 ^
main_BK.c(199): warning: no previous prototype for function 'TIM1_CC_IRQHandler' [-Wmissing-prototypes]
void TIM1_CC_IRQHandler(void)
     ^
main_BK.c(199): note: declare 'static' if the function is not intended to be used outside of this translation unit
void TIM1_CC_IRQHandler(void)
^
static 
30 warnings generated.
compiling main_BK.c...
C:/Users/user/AppData/Local/Arm/Packs/Keil/STM32F1xx_DFP/2.3.0/Device/StdPeriph_Driver/src/stm32f10x_adc.c(23): warning: In file included from...
C:/Users/user/AppData/Local/Arm/Packs/Keil/STM32F1xx_DFP/2.3.0/Device/StdPeriph_Driver/inc\stm32f10x_adc.h(64): warning: padding struct 'ADC_InitTypeDef' with 2 bytes to align 'ADC_ExternalTrigConv' [-Wpadded]
  uint32_t ADC_ExternalTrigConv;          /*!< Defines the external trigger used to start the analog
           ^
C:/Users/user/AppData/Local/Arm/Packs/Keil/STM32F1xx_DFP/2.3.0/Device/StdPeriph_Driver/inc\stm32f10x_adc.h(50): warning: padding size of 'ADC_InitTypeDef' with 3 bytes to alignment boundary [-Wpadded]
typedef struct
        ^
2 warnings generated.
compiling stm32f10x_adc.c...
RTE/Device/STM32F103C8/system_stm32f10x.c(167): warning: no previous extern declaration for non-static variable 'AHBPrescTable' [-Wmissing-variable-declarations]
__I uint8_t AHBPrescTable[16] = {0, 0, 0, 0, 0, 0, 0, 0, 1, 2, 3, 4, 6, 7, 8, 9};
            ^
RTE/Device/STM32F103C8/system_stm32f10x.c(167): note: declare 'static' if the variable is not intended to be used outside of this translation unit
__I uint8_t AHBPrescTable[16] = {0, 0, 0, 0, 0, 0, 0, 0, 1, 2, 3, 4, 6, 7, 8, 9};
    ^
1 warning generated.
compiling system_stm32f10x.c...
C:/Users/user/AppData/Local/Arm/Packs/Keil/STM32F1xx_DFP/2.3.0/Device/StdPeriph_Driver/src/stm32f10x_tim.c(23): warning: In file included from...
C:/Users/user/AppData/Local/Arm/Packs/Keil/STM32F1xx_DFP/2.3.0/Device/StdPeriph_Driver/inc\stm32f10x_tim.h(51): warning: padding size of 'TIM_TimeBaseInitTypeDef' with 1 byte to alignment boundary [-Wpadded]
typedef struct
        ^
C:/Users/user/AppData/Local/Arm/Packs/Keil/STM32F1xx_DFP/2.3.0/Device/StdPeriph_Driver/src/stm32f10x_tim.c(726): warning: implicit conversion loses integer precision: 'unsigned int' to 'uint16_t' (aka 'unsigned short') [-Wimplicit-int-conversion]
             TIM_BDTRInitStruct->TIM_Break | TIM_BDTRInitStruct->TIM_BreakPolarity |
             ~~~~~~~~~~~~~~~~~~~~~~~~~~~~~~~~~~~~~~~~~~~~~~~~~~~~~~~~~~~~~~~~~~~~~~^
C:/Users/user/AppData/Local/Arm/Packs/Keil/STM32F1xx_DFP/2.3.0/Device/StdPeriph_Driver/src/stm32f10x_tim.c(1983): warning: implicit conversion loses integer precision: 'int' to 'uint16_t' (aka 'unsigned short') [-Wimplicit-int-conversion]
  tmp = CCER_CCE_Set << TIM_Channel;
      ~ ~~~~~~~~~~~~~^~~~~~~~~~~~~~
C:/Users/user/AppData/Local/Arm/Packs/Keil/STM32F1xx_DFP/2.3.0/Device/StdPeriph_Driver/src/stm32f10x_tim.c(2013): warning: implicit conversion loses integer precision: 'int' to 'uint16_t' (aka 'unsigned short') [-Wimplicit-int-conversion]
  tmp = CCER_CCNE_Set << TIM_Channel;
      ~ ~~~~~~~~~~~~~~^~~~~~~~~~~~~~
C:/Users/user/AppData/Local/Arm/Packs/Keil/STM32F1xx_DFP/2.3.0/Device/StdPeriph_Driver/src/stm32f10x_tim.c(2058): warning: implicit conversion loses integer precision: 'int' to 'uint16_t' (aka 'unsigned short') [-Wimplicit-int-conversion]
  tmp1 = CCER_CCE_Set << (uint16_t)TIM_Channel;
       ~ ~~~~~~~~~~~~~^~~~~~~~~~~~~~~~~~~~~~~~
5 warnings generated.
compiling stm32f10x_tim.c...
linking...
Program Size: Code=4654 RO-data=290 RW-data=12 ZI-data=1704  
FromELF: creating hex file...
".\Objects\Demo4B.axf" - 0 Error(s), 48 Warning(s).

<h2>Software Packages used:</h2>

Package Vendor: ARM
                http://www.keil.com/pack/ARM.CMSIS.5.8.0.pack
                ARM.CMSIS.5.8.0
                CMSIS (Common Microcontroller Software Interface Standard)
   * Component: CORE Version: 5.5.0

Package Vendor: Keil
                http://www.keil.com/pack/Keil.STM32F1xx_DFP.2.3.0.pack
                Keil.STM32F1xx_DFP.2.3.0
                STMicroelectronics STM32F1 Series Device Support, Drivers and Examples
   * Component: Startup Version: 1.0.0
   * Component: ADC Version: 3.5.0
   * Component: Framework Version: 3.5.1
   * Component: GPIO Version: 3.5.0
   * Component: RCC Version: 3.5.0
   * Component: SPI Version: 3.5.0
   * Component: TIM Version: 3.5.0
   * Component: USART Version: 3.5.0

<h2>Collection of Component include folders:</h2>
  .\RTE\Device\STM32F103C8
  .\RTE\_Target_1
  C:\Users\user\AppData\Local\Arm\Packs\ARM\CMSIS\5.8.0\CMSIS\Core\Include
  C:\Users\user\AppData\Local\Arm\Packs\Keil\STM32F1xx_DFP\2.3.0\Device\Include
  C:\Users\user\AppData\Local\Arm\Packs\Keil\STM32F1xx_DFP\2.3.0\Device\StdPeriph_Driver\inc

<h2>Collection of Component Files used:</h2>

   * Component: ARM::CMSIS:CORE:5.5.0

   * Component: Keil::Device:Startup:1.0.0
      Source file:   Device\Source\ARM\STM32F1xx_OPT.s
      Source file:   Device\Source\system_stm32f10x.c
      Include file:  RTE_Driver\Config\RTE_Device.h
      Source file:   Device\Source\ARM\startup_stm32f10x_md.s

   * Component: Keil::Device:StdPeriph Drivers:ADC:3.5.0
      Include file:  Device\StdPeriph_Driver\inc\stm32f10x_adc.h
      Source file:   Device\StdPeriph_Driver\src\stm32f10x_adc.c

   * Component: Keil::Device:StdPeriph Drivers:Framework:3.5.1
      Source file:   Device\StdPeriph_Driver\templates\stm32f10x_conf.h
      Include file:  Device\StdPeriph_Driver\inc\misc.h
      Include file:  Device\StdPeriph_Driver\templates\stm32f10x_it.h
      Source file:   Device\StdPeriph_Driver\src\misc.c
      Source file:   Device\StdPeriph_Driver\templates\stm32f10x_it.c

   * Component: Keil::Device:StdPeriph Drivers:GPIO:3.5.0
      Source file:   Device\StdPeriph_Driver\src\stm32f10x_gpio.c
      Include file:  Device\StdPeriph_Driver\inc\stm32f10x_gpio.h

   * Component: Keil::Device:StdPeriph Drivers:RCC:3.5.0
      Source file:   Device\StdPeriph_Driver\src\stm32f10x_rcc.c
      Include file:  Device\StdPeriph_Driver\inc\stm32f10x_rcc.h

   * Component: Keil::Device:StdPeriph Drivers:SPI:3.5.0
      Include file:  Device\StdPeriph_Driver\inc\stm32f10x_spi.h
      Source file:   Device\StdPeriph_Driver\src\stm32f10x_spi.c

   * Component: Keil::Device:StdPeriph Drivers:TIM:3.5.0
      Include file:  Device\StdPeriph_Driver\inc\stm32f10x_tim.h
      Source file:   Device\StdPeriph_Driver\src\stm32f10x_tim.c

   * Component: Keil::Device:StdPeriph Drivers:USART:3.5.0
      Source file:   Device\StdPeriph_Driver\src\stm32f10x_usart.c
      Include file:  Device\StdPeriph_Driver\inc\stm32f10x_usart.h
Build Time Elapsed:  00:00:01
</pre>
</body>
</html>
